Microchip MPLAB XC8 Compiler V2.36

Linker command line:

-W-3 --edf=C:\Program Files\Microchip\xc8\v2.36\pic\dat\en_msgs.txt -cn \
  -h+dist/default/debug\Practica04.X.debug.sym \
  --cmf=dist/default/debug\Practica04.X.debug.cmf -z -Q18F45K50 \
  -oC:\Users\Joselyn\AppData\Local\Temp\xcAslq8.4 --defsym=__MPLAB_BUILD=1 \
  -Mdist/default/debug/Practica04.X.debug.map \
  --md=C:\Users\Joselyn\AppData\Local\Temp\xcAslq8.dat -E1 \
  -ver=XC8 Compiler --acfsm=1493 -ACODE=00h-07FFFh -ACONST=00h-07FFFh \
  -ASMALLCONST=0800h-08FFhx120 -AMEDIUMCONST=0800h-07FFFh -ACOMRAM=01h-05Fh \
  -AABS1=00h-07FFh -ABIGRAM=01h-07FFh -ARAM=060h-0FFh,0100h-01FFhx7 \
  -ABANK0=060h-0FFh -ABANK1=0100h-01FFh -ABANK2=0200h-02FFh \
  -ABANK3=0300h-03FFh -ABANK4=0400h-04FFh -ABANK5=0500h-05FFh \
  -ABANK6=0600h-06FFh -ABANK7=0700h-07FFh -ASFR=0F53h-0F5Fh,0F60h-0FFCh \
  -ABIGSFR=0F53h-0FFCh -ACONFIG=0300000h-030000Dh -AIDLOC=0200000h-0200007h \
  -AEEDATA=0F00000h-0F000FFh -peeprom_data=EEDATA \
  -preset_vec=00h,intcode=08h,intcodelo=018h,powerup,init -pramtop=0800h \
  -psmallconst=SMALLCONST -pmediumconst=MEDIUMCONST -pconst=CONST \
  -AFARRAM=00h-00h \
  -prdata=COMRAM,nvrram=COMRAM,nvbit=COMRAM,rbss=COMRAM,rbit=COMRAM \
  -pfarbss=FARRAM,fardata=FARRAM,nvFARRAM=FARRAM \
  -pintsave_regs=BIGRAM,bigbss=BIGRAM,bigdata=BIGRAM -pbss=RAM \
  -pidata=CODE,irdata=CODE,ibigdata=CODE,ifardata=CODE -prparam=COMRAM \
  C:\Users\Joselyn\AppData\Local\Temp\xcAslq8.o \
  dist/default/debug\Practica04.X.debug.o 

Object code version is 3.11

Machine type is 18F45K50



                Name                               Link     Load   Length Selector   Space Scale
C:\Users\Joselyn\AppData\Local\Temp\xcAslq8.o
                idloc                            200000   200000        8        0       5
                config                           300000   300000        E        0       4
                init                                 28       28        4        C       0
                reset_vec                             0        0        6        0       0
dist/default/debug\Practica04.X.debug.o
                intcodelo                            18       18       10        C       0
                intcode                               8        8        6        4       0
                idloc                            200000   200000        8        0       5
                config                           300000   300000        E        0       4
                temp                                 5E       5E        1        1       1
                smallconst                          800      800       80      400       0
                intcode_body                       4CA0     4CA0        6      440       0
                text17                             4C8E     4C8E       12      440       0
                text16                             4B32     4B32       6A      440       0
                text15                             4AC4     4AC4       6E      440       0
                text14                             47E0     47E0      108      440       0
                text13                             3F22     3F22      39A      440       0
                text12                             4BE2     4BE2       38      440       0
                text11                             3638     3638      4C0      440       0
                text10                             4B9C     4B9C       46      440       0
                text9                              44F0     44F0      1B4      440       0
                text8                              4C1A     4C1A       34      440       0
                text7                              3AF8     3AF8      42A      440       0
                text6                              42BC     42BC      234      440       0
                text5                              48E8     48E8      104      440       0
                text4                              4C4E     4C4E       22      440       0
                text3                              3178     3178      4C0      440       0
                text2                               880      880     28F8      440       0
                text1                              46A4     46A4      13C      440       0
                text0                              49EC     49EC       D8      440       0
                cstackCOMRAM                          1        1       5D        1       1
                cstackBANK0                          60       60       3C       60       1
                cstackBANK1                         100      100       BC      100       1
                bssBANK0                             9C       9C        A       60       1
                cinit                              4C70     4C70       1E      440       0

TOTAL           Name                               Link     Load   Length     Space
        CLASS   CODE           
                intcodelo                            18       18       10         0
                intcode                               8        8        6         0
                init                                 28       28        4         0
                reset_vec                             0        0        6         0
                intcode_body                       4CA0     4CA0        6         0
                text17                             4C8E     4C8E       12         0
                text16                             4B32     4B32       6A         0
                text15                             4AC4     4AC4       6E         0
                text14                             47E0     47E0      108         0
                text13                             3F22     3F22      39A         0
                text12                             4BE2     4BE2       38         0
                text11                             3638     3638      4C0         0
                text10                             4B9C     4B9C       46         0
                text9                              44F0     44F0      1B4         0
                text8                              4C1A     4C1A       34         0
                text7                              3AF8     3AF8      42A         0
                text6                              42BC     42BC      234         0
                text5                              48E8     48E8      104         0
                text4                              4C4E     4C4E       22         0
                text3                              3178     3178      4C0         0
                text2                               880      880     28F8         0
                text1                              46A4     46A4      13C         0
                text0                              49EC     49EC       D8         0
                cinit                              4C70     4C70       1E         0

        CLASS   CONST          

        CLASS   SMALLCONST     
                smallconst                          800      800       80         0

        CLASS   MEDIUMCONST    

        CLASS   COMRAM         
                temp                                 5E       5E        1         1
                cstackCOMRAM                          1        1       5D         1

        CLASS   ABS1           

        CLASS   BIGRAM         

        CLASS   RAM            

        CLASS   BANK0          
                cstackBANK0                          60       60       3C         1
                bssBANK0                             9C       9C        A         1

        CLASS   BANK1          
                cstackBANK1                         100      100       BC         1

        CLASS   BANK2          

        CLASS   BANK3          

        CLASS   BANK4          

        CLASS   BANK5          

        CLASS   BANK6          

        CLASS   BANK7          

        CLASS   SFR            

        CLASS   BIGSFR         

        CLASS   CONFIG         
                config                           300000   300000        E         4

        CLASS   IDLOC          
                idloc                            200000   200000        8         5

        CLASS   EEDATA         

        CLASS   FARRAM         

        CLASS   HEAP           

        CLASS   STACK          



SEGMENTS        Name                           Load    Length   Top    Selector   Space  Class

                reset_vec                      000000  000006  000006         0       0  CODE    
                cstackCOMRAM                   000001  00005E  00005F         1       1  COMRAM  
                intcode                        000008  000006  00000E         4       0  CODE    
                intcodelo                      000018  000014  00002C         C       0  CODE    
                cstackBANK0                    000060  000046  0000A6        60       1  BANK0   
                cstackBANK1                    000100  0000BC  0001BC       100       1  BANK1   
                smallconst                     000800  000080  000880       400       0  SMALLCON
                text2                          000880  004426  004CA6       440       0  CODE    


UNUSED ADDRESS RANGES

        Name                Unused          Largest block    Delta
        BANK0            0000A6-0000FF               5A
        BANK1            0001BC-0001FF               44
        BANK2            000200-0002FF              100
        BANK3            000300-0003FF              100
        BANK4            000400-0004FF              100
        BANK5            000500-0005FF              100
        BANK6            000600-0006FF              100
        BANK7            000700-0007FF              100
        BIGRAM           00005F-00005F                1
                         0000A6-0000FF               5A
                         0001BC-0007FF              644
        BIGSFR           000F53-000FFC               AA
        CODE             000006-000007                2
                         00000E-000017                A
                         00002C-0007FF              7D4
                         004CA6-007FFF             335A
        COMRAM           00005F-00005F                1
        CONST            000006-000007                2
                         00000E-000017                A
                         00002C-0007FF              7D4
                         004CA6-007FFF             335A
        EEDATA           F00000-F000FF              100
        MEDIUMCONST      004CA6-007FFF             335A
        RAM              0000A6-0000FF               5A
                         0001BC-0007FF              100
        SFR              000F53-000FFC                D
        SMALLCONST       004CA6-007FFF              100

                                  Symbol Table

?___fladd                    cstackCOMRAM 000002
?___fldiv                    cstackCOMRAM 000033
?___flmul                    cstackCOMRAM 000012
?___flneg                    cstackCOMRAM 000002
?___flsub                    cstackCOMRAM 00002B
?___fltol                    cstackBANK0  00008C
?___lmul                     cstackCOMRAM 000002
?___xxtofl                   cstackCOMRAM 000014
?_fabsf                      cstackCOMRAM 000002
?_nanf                       cstackCOMRAM 000002
?_powf                       cstackBANK0  000084
?_rand                       cstackCOMRAM 00000E
?_scalbnf                    cstackCOMRAM 00002B
?_sqrtf                      cstackCOMRAM 00003F
_ANSELB                      (abs)        000F5C
_ANSELD                      (abs)        000F5E
_LATB                        (abs)        000F8A
_PORTD                       (abs)        000F83
_Ports_configuration         text17       004C8E
_TRISB                       (abs)        000F93
_TRISD                       (abs)        000F95
__HRAM                       (abs)        000000
__Habs1                      abs1         000000
__Hbank0                     bank0        000000
__Hbank1                     bank1        000000
__Hbank2                     bank2        000000
__Hbank3                     bank3        000000
__Hbank4                     bank4        000000
__Hbank5                     bank5        000000
__Hbank6                     bank6        000000
__Hbank7                     bank7        000000
__Hbigbss                    bigbss       000000
__Hbigdata                   bigdata      000000
__Hbigram                    bigram       000000
__Hbigsfr                    bigsfr       000000
__Hbss                       bss          000000
__HbssBANK0                  bssBANK0     000000
__Hcinit                     cinit        000000
__Hclrtext                   clrtext      000000
__Hcomram                    comram       000000
__Hconfig                    config       30000E
__Hconst                     const        000000
__HcstackBANK0               cstackBANK0  000000
__HcstackBANK1               cstackBANK1  000000
__HcstackCOMRAM              cstackCOMRAM 000000
__Hdata                      data         000000
__Heeprom_data               eeprom_data  000000
__Hfarbss                    farbss       000000
__Hfardata                   fardata      000000
__Hheap                      heap         000000
__Hibigdata                  ibigdata     000000
__Hidata                     idata        000000
__Hidloc                     idloc        200008
__Hifardata                  ifardata     000000
__Hinit                      init         00002C
__Hintcode                   intcode      00000E
__Hintcode_body              intcode_body 000000
__Hintcodelo                 intcodelo    000028
__Hintentry                  intentry     000000
__Hintret                    intret       000000
__Hintsave_regs              intsave_regs 000000
__Hirdata                    irdata       000000
__Hmediumconst               mediumconst  000000
__HnvFARRAM                  nvFARRAM     000000
__Hnvbit                     nvbit        000000
__Hnvrram                    nvrram       000000
__Hparam                     rparam       000000
__Hpowerup                   powerup      000028
__Hram                       ram          000000
__Hramtop                    ramtop       000800
__Hrbit                      rbit         000000
__Hrbss                      rbss         000000
__Hrdata                     rdata        000000
__Hreset_vec                 reset_vec    000006
__Hrparam                    rparam       000000
__Hsfr                       sfr          000000
__Hsmallconst                smallconst   000880
__Hspace_0                   (abs)        004CA6
__Hspace_1                   (abs)        0001BC
__Hspace_2                   (abs)        000000
__Hspace_4                   (abs)        60000E
__Hstack                     stack        000000
__Hstruct                    struct       000000
__Htemp                      temp         00005F
__Htext                      text         000000
__Htext0                     text0        000000
__Htext1                     text1        000000
__Htext10                    text10       000000
__Htext11                    text11       000000
__Htext12                    text12       000000
__Htext13                    text13       000000
__Htext14                    text14       000000
__Htext15                    text15       000000
__Htext16                    text16       000000
__Htext17                    text17       000000
__Htext2                     text2        000000
__Htext3                     text3        000000
__Htext4                     text4        000000
__Htext5                     text5        000000
__Htext6                     text6        000000
__Htext7                     text7        000000
__Htext8                     text8        000000
__Htext9                     text9        000000
__LRAM                       (abs)        000001
__Labs1                      abs1         000000
__Lbank0                     bank0        000000
__Lbank1                     bank1        000000
__Lbank2                     bank2        000000
__Lbank3                     bank3        000000
__Lbank4                     bank4        000000
__Lbank5                     bank5        000000
__Lbank6                     bank6        000000
__Lbank7                     bank7        000000
__Lbigbss                    bigbss       000000
__Lbigdata                   bigdata      000000
__Lbigram                    bigram       000000
__Lbigsfr                    bigsfr       000000
__Lbss                       bss          000000
__LbssBANK0                  bssBANK0     000000
__Lcinit                     cinit        000000
__Lclrtext                   clrtext      000000
__Lcomram                    comram       000000
__Lconfig                    config       000000
__Lconst                     const        000000
__LcstackBANK0               cstackBANK0  000000
__LcstackBANK1               cstackBANK1  000000
__LcstackCOMRAM              cstackCOMRAM 000000
__Ldata                      data         000000
__Leeprom_data               eeprom_data  000000
__Lfarbss                    farbss       000000
__Lfardata                   fardata      000000
__Lheap                      heap         000000
__Libigdata                  ibigdata     000000
__Lidata                     idata        000000
__Lidloc                     idloc        000000
__Lifardata                  ifardata     000000
__Linit                      init         000028
__Lintcode                   intcode      000008
__Lintcode_body              intcode_body 000000
__Lintcodelo                 intcodelo    000018
__Lintentry                  intentry     000000
__Lintret                    intret       000000
__Lintsave_regs              intsave_regs 000000
__Lirdata                    irdata       000000
__Lmediumconst               mediumconst  000000
__LnvFARRAM                  nvFARRAM     000000
__Lnvbit                     nvbit        000000
__Lnvrram                    nvrram       000000
__Lparam                     rparam       000000
__Lpowerup                   powerup      000028
__Lram                       ram          000000
__Lramtop                    ramtop       000800
__Lrbit                      rbit         000000
__Lrbss                      rbss         000000
__Lrdata                     rdata        000000
__Lreset_vec                 reset_vec    000000
__Lrparam                    rparam       000000
__Lsfr                       sfr          000000
__Lsmallconst                smallconst   000800
__Lspace_0                   (abs)        000000
__Lspace_1                   (abs)        000000
__Lspace_2                   (abs)        000000
__Lspace_4                   (abs)        000000
__Lstack                     stack        000000
__Lstruct                    struct       000000
__Ltemp                      temp         00005E
__Ltext                      text         000000
__Ltext0                     text0        000000
__Ltext1                     text1        000000
__Ltext10                    text10       000000
__Ltext11                    text11       000000
__Ltext12                    text12       000000
__Ltext13                    text13       000000
__Ltext14                    text14       000000
__Ltext15                    text15       000000
__Ltext16                    text16       000000
__Ltext17                    text17       000000
__Ltext2                     text2        000000
__Ltext3                     text3        000000
__Ltext4                     text4        000000
__Ltext5                     text5        000000
__Ltext6                     text6        000000
__Ltext7                     text7        000000
__Ltext8                     text8        000000
__Ltext9                     text9        000000
__S0                         (abs)        004CA6
__S1                         (abs)        0001BC
__S4                         (abs)        000000
__S5                         (abs)        000000
___fladd                     text11       003638
___fladd@a                   cstackCOMRAM 000006
___fladd@aexp                cstackCOMRAM 00000F
___fladd@b                   cstackCOMRAM 000002
___fladd@bexp                cstackCOMRAM 000010
___fladd@grs                 cstackCOMRAM 000011
___fladd@signs               cstackCOMRAM 00000E
___fldiv                     text13       003F22
___fldiv@a                   cstackCOMRAM 000037
___fldiv@aexp                cstackCOMRAM 00004B
___fldiv@b                   cstackCOMRAM 000033
___fldiv@bexp                cstackCOMRAM 00004A
___fldiv@grs                 cstackCOMRAM 000046
___fldiv@new_exp             cstackCOMRAM 000044
___fldiv@rem                 cstackCOMRAM 00003F
___fldiv@sign                cstackCOMRAM 000043
___flge                      text5        0048E8
___flge@ff1                  cstackCOMRAM 000033
___flge@ff2                  cstackCOMRAM 000037
___flmul                     text7        003AF8
___flmul@a                   cstackCOMRAM 000016
___flmul@aexp                cstackCOMRAM 000023
___flmul@b                   cstackCOMRAM 000012
___flmul@bexp                cstackCOMRAM 000024
___flmul@grs                 cstackCOMRAM 00001F
___flmul@prod                cstackCOMRAM 000025
___flmul@sign                cstackCOMRAM 00001E
___flmul@temp                cstackCOMRAM 000029
___flneg                     text12       004BE2
___flneg@f1                  cstackCOMRAM 000002
___flsub                     text10       004B9C
___flsub@a                   cstackCOMRAM 00002F
___flsub@b                   cstackCOMRAM 00002B
___fltol                     text14       0047E0
___fltol@exp1                cstackCOMRAM 00005A
___fltol@f1                  cstackBANK0  00008C
___fltol@sign1               cstackCOMRAM 000059
___heap_hi                   (abs)        000000
___heap_lo                   (abs)        000000
___inthi_sp                  stack        000000
___intlo_sp                  stack        000000
___lmul                      text16       004B32
___lmul@multiplicand         cstackCOMRAM 000006
___lmul@multiplier           cstackCOMRAM 000002
___lmul@product              cstackCOMRAM 00000A
___param_bank                (abs)        000000
___rparam_used               (abs)        000001
___sp                        stack        000000
___xxtofl                    text9        0044F0
___xxtofl@arg                cstackCOMRAM 00001E
___xxtofl@exp                cstackCOMRAM 00001D
___xxtofl@sign               cstackCOMRAM 00001C
___xxtofl@val                cstackCOMRAM 000014
__accesstop                  (abs)        000060
__activetblptr               (abs)        000001
__end_of_L1                  smallconst   00085D
__end_of_L2                  smallconst   000859
__end_of_L3                  smallconst   000855
__end_of_L4                  smallconst   000851
__end_of_L5                  smallconst   00084D
__end_of_L6                  smallconst   000849
__end_of_P1                  smallconst   000845
__end_of_P2                  smallconst   000841
__end_of_P3                  smallconst   00083D
__end_of_P4                  smallconst   000839
__end_of_P5                  smallconst   000835
__end_of_Ports_configuration text17       004CA0
__end_of___fladd             text11       003AF8
__end_of___fldiv             text13       0042BC
__end_of___flge              text5        0049EC
__end_of___flmul             text7        003F22
__end_of___flneg             text12       004C1A
__end_of___flsub             text10       004BE2
__end_of___fltol             text14       0048E8
__end_of___lmul              text16       004B9C
__end_of___xxtofl            text9        0046A4
__end_of__initialization     cinit        004C7C
__end_of_bp                  smallconst   000871
__end_of_cp                  smallconst   000821
__end_of_cp_h                smallconst   00087D
__end_of_cp_l                smallconst   000879
__end_of_dp_h                smallconst   000811
__end_of_dp_l                smallconst   000809
__end_of_fabsf               text8        004C4E
__end_of_high_isr            intcode_body 004CA6
__end_of_huge                smallconst   000865
__end_of_ivln2               smallconst   00081D
__end_of_ivln2_h             smallconst   000875
__end_of_ivln2_l             smallconst   000819
__end_of_lg2                 smallconst   000831
__end_of_lg2_h               smallconst   00082D
__end_of_lg2_l               smallconst   000829
__end_of_low_isr             intcodelo    000028
__end_of_main                text0        004AC4
__end_of_nanf                text4        004C70
__end_of_ovt                 smallconst   000825
__end_of_powf                text2        003178
__end_of_rand                text15       004B32
__end_of_scalbnf             text6        0044F0
__end_of_sqrtf               text3        003638
__end_of_sweep               text1        0047E0
__end_of_tiny                smallconst   000861
__end_of_tiny@sqrtf$F648     smallconst   000815
__end_of_two24               smallconst   000869
__initialization             cinit        004C70
__mediumconst                mediumconst  000000
__pbssBANK0                  bssBANK0     00009C
__pcinit                     cinit        004C70
__pcstackBANK0               cstackBANK0  000060
__pcstackBANK1               cstackBANK1  000100
__pcstackCOMRAM              cstackCOMRAM 000001
__pintcode                   intcode      000008
__pintcode_body              intcode_body 004CA0
__pintcodelo                 intcodelo    000018
__psmallconst                smallconst   000800
__ptext0                     text0        0049EC
__ptext1                     text1        0046A4
__ptext10                    text10       004B9C
__ptext11                    text11       003638
__ptext12                    text12       004BE2
__ptext13                    text13       003F22
__ptext14                    text14       0047E0
__ptext15                    text15       004AC4
__ptext16                    text16       004B32
__ptext17                    text17       004C8E
__ptext2                     text2        000880
__ptext3                     text3        003178
__ptext4                     text4        004C4E
__ptext5                     text5        0048E8
__ptext6                     text6        0042BC
__ptext7                     text7        003AF8
__ptext8                     text8        004C1A
__ptext9                     text9        0044F0
__ramtop                     ramtop       000800
__smallconst                 smallconst   000800
_bp                          smallconst   000869
_dp_h                        smallconst   000809
_dp_l                        smallconst   000801
_errno                       bssBANK0     0000A0
_fabsf                       text8        004C1A
_high_isr                    intcode      000008
_low_isr                     intcodelo    000018
_main                        text0        0049EC
_main$851                    cstackBANK0  000098
_nanf                        text4        004C4E
_powf                        text2        000880
_powf$853                    cstackBANK1  0001A4
_powf$854                    cstackBANK1  000154
_powf$855                    cstackBANK1  000148
_powf$856                    cstackBANK1  000194
_powf$857                    cstackBANK1  000138
_powf$858                    cstackBANK1  000100
_powf$859                    cstackBANK1  000104
_powf$860                    cstackBANK1  000158
_powf$861                    cstackBANK1  00013C
_powf$862                    cstackBANK1  000140
_powf$863                    cstackBANK1  000108
_powf$864                    cstackBANK1  00010C
_powf$865                    cstackBANK1  000110
_powf$866                    cstackBANK1  000114
_powf$867                    cstackBANK1  000118
_rand                        text15       004AC4
_scalbnf                     text6        0042BC
_seed                        bssBANK0     0000A2
_sqrtf                       text3        003178
_sweep                       text1        0046A4
_sweep$852                   cstackBANK0  000090
btemp                        temp         00005E
end_of_initialization        cinit        004C7C
fabsf@F465                   bssBANK0     00009C
fabsf@u                      cstackCOMRAM 000006
fabsf@x                      cstackCOMRAM 000002
int$flags                    temp         00005E
int_func                     intcode_body 004CA0
intlevel0                    text         000000
intlevel1                    text         000000
intlevel2                    text         000000
intlevel3                    text         000000
isa$std                      (abs)        000001
isa$xinst                    (abs)        000000
nanf@s                       cstackCOMRAM 000002
nanf@u                       cstackCOMRAM 000006
powf@__xc8_float_word        cstackBANK1  0001B8
powf@ax                      cstackBANK1  000170
powf@hx                      cstackBANK1  000160
powf@hy                      cstackBANK1  000184
powf@i                       cstackBANK1  00012C
powf@is                      cstackBANK1  000190
powf@ix                      cstackBANK1  0001A8
powf@iy                      cstackBANK1  000198
powf@j                       cstackBANK1  0001AC
powf@k                       cstackBANK1  0001A0
powf@n                       cstackBANK1  00017C
powf@p_h                     cstackBANK1  00019C
powf@p_l                     cstackBANK1  000164
powf@r                       cstackBANK1  00014C
powf@s                       cstackBANK1  00015C
powf@s2                      cstackBANK1  00018C
powf@s_h                     cstackBANK1  00016C
powf@s_l                     cstackBANK1  000130
powf@sn                      cstackBANK1  000188
powf@t                       cstackBANK1  0001B0
powf@t1                      cstackBANK1  000180
powf@t2                      cstackBANK1  00011C
powf@t_h                     cstackBANK1  000168
powf@t_l                     cstackBANK1  000134
powf@u                       cstackBANK1  000174
powf@v                       cstackBANK1  000178
powf@w                       cstackBANK1  000144
powf@x                       cstackBANK0  000084
powf@y                       cstackBANK0  000088
powf@y1                      cstackBANK1  000128
powf@yisint                  cstackBANK1  000150
powf@z                       cstackBANK1  0001B4
powf@z_h                     cstackBANK1  000120
powf@z_l                     cstackBANK1  000124
scalbnf@n                    cstackCOMRAM 00002F
scalbnf@u                    cstackCOMRAM 000035
scalbnf@x                    cstackCOMRAM 00002B
scalbnf@y                    cstackCOMRAM 000039
sqrtf@__xc8_float_word       cstackBANK0  000068
sqrtf@i                      cstackBANK0  000064
sqrtf@ix                     cstackBANK0  000080
sqrtf@m                      cstackBANK0  000078
sqrtf@q                      cstackBANK0  00006C
sqrtf@r                      cstackBANK0  00007C
sqrtf@s                      cstackBANK0  000060
sqrtf@t                      cstackBANK0  000070
sqrtf@x                      cstackCOMRAM 00003F
sqrtf@z                      cstackBANK0  000074
stackhi                      (abs)        000000
stacklo                      (abs)        000000
start                        init         000028
start_initialization         cinit        004C70
sweep@i                      cstackBANK0  000094
sweep@i_77                   cstackBANK0  000096
ttemp5                       temp         00005F
ttemp6                       temp         000062
ttemp7                       temp         000066
wtemp8                       temp         00005F


MODULE INFORMATION

Module		Function		Class		Link	Load	Size
C:\Program Files\Microchip\xc8\v2.36\pic\sources\c99\common\nanf.c
		_nanf          		CODE           	4C4E	0000	34

C:\Program Files\Microchip\xc8\v2.36\pic\sources\c99\common\nanf.c estimated size: 34

C:\Program Files\Microchip\xc8\v2.36\pic\sources\c99\common\sprcmul.c
		___flmul       		CODE           	3AF8	0000	1066

C:\Program Files\Microchip\xc8\v2.36\pic\sources\c99\common\sprcmul.c estimated size: 1066

C:\Program Files\Microchip\xc8\v2.36\pic\sources\c99\common\rand.c
		_rand          		CODE           	4AC4	0000	110

C:\Program Files\Microchip\xc8\v2.36\pic\sources\c99\common\rand.c estimated size: 110

C:\Program Files\Microchip\xc8\v2.36\pic\sources\c99\common\sprcdiv.c
		___fldiv       		CODE           	3F22	0000	922

C:\Program Files\Microchip\xc8\v2.36\pic\sources\c99\common\sprcdiv.c estimated size: 922

C:\Program Files\Microchip\xc8\v2.36\pic\sources\c99\common\Umul32.c
		___lmul        		CODE           	4B32	0000	106

C:\Program Files\Microchip\xc8\v2.36\pic\sources\c99\common\Umul32.c estimated size: 106

C:\Program Files\Microchip\xc8\v2.36\pic\sources\c99\common\scalbnf.c
		_scalbnf       		CODE           	42BC	0000	564

C:\Program Files\Microchip\xc8\v2.36\pic\sources\c99\common\scalbnf.c estimated size: 564

C:\Program Files\Microchip\xc8\v2.36\pic\sources\c99\common\xxtofl.c
		___xxtofl      		CODE           	44F0	0000	436

C:\Program Files\Microchip\xc8\v2.36\pic\sources\c99\common\xxtofl.c estimated size: 436

newmain.c
		_sweep         		CODE           	46A4	0000	316
		_Ports_configuration		CODE           	4C8E	0000	18
		_main          		CODE           	49EC	0000	216
		_high_isr      		CODE           	0008	0000	12
		_low_isr       		CODE           	0018	0000	16

newmain.c estimated size: 578

C:\Program Files\Microchip\xc8\v2.36\pic\sources\c99\common\powf.c
		_powf          		CODE           	0880	0000	10488

C:\Program Files\Microchip\xc8\v2.36\pic\sources\c99\common\powf.c estimated size: 10488

C:\Program Files\Microchip\xc8\v2.36\pic\sources\c99\common\sprcadd.c
		___flsub       		CODE           	4B9C	0000	70
		___fladd       		CODE           	3638	0000	1216

C:\Program Files\Microchip\xc8\v2.36\pic\sources\c99\common\sprcadd.c estimated size: 1286

C:\Program Files\Microchip\xc8\v2.36\pic\sources\c99\common\sqrtf.c
		_sqrtf         		CODE           	3178	0000	1216

C:\Program Files\Microchip\xc8\v2.36\pic\sources\c99\common\sqrtf.c estimated size: 1216

C:\Program Files\Microchip\xc8\v2.36\pic\sources\c99\common\fltol.c
		___fltol       		CODE           	47E0	0000	264

C:\Program Files\Microchip\xc8\v2.36\pic\sources\c99\common\fltol.c estimated size: 264

shared
		_L5            		SMALLCONST     	0000	0000	0
		_P3            		SMALLCONST     	0000	0000	0
		_L6            		SMALLCONST     	0000	0000	0
		_P4            		SMALLCONST     	0000	0000	0
		_P5            		SMALLCONST     	0000	0000	0
		_tiny@sqrtf$F648		SMALLCONST     	0000	0000	0
		_lg2_l         		SMALLCONST     	0000	0000	0
		_ivln2_l       		SMALLCONST     	0000	0000	0
		_ivln2         		SMALLCONST     	0000	0000	0
		__initialization		CODE           	4C70	0000	12
		_bp            		SMALLCONST     	0869	0000	8
		_cp            		SMALLCONST     	0000	0000	0
		_cp_h          		SMALLCONST     	0000	0000	0
		_dp_h          		SMALLCONST     	0809	0000	8
		_lg2           		SMALLCONST     	0000	0000	0
		_lg2_h         		SMALLCONST     	0000	0000	0
		_ivln2_h       		SMALLCONST     	0000	0000	0
		_tiny          		SMALLCONST     	0000	0000	0
		_ovt           		SMALLCONST     	0000	0000	0
		_huge          		SMALLCONST     	0000	0000	0
		_two24         		SMALLCONST     	0000	0000	0
		_cp_l          		SMALLCONST     	0000	0000	0
		_dp_l          		SMALLCONST     	0801	0000	8
		_L1            		SMALLCONST     	0000	0000	0
		_L2            		SMALLCONST     	0000	0000	0
		_L3            		SMALLCONST     	0000	0000	0
		_P1            		SMALLCONST     	0000	0000	0
		_L4            		SMALLCONST     	0000	0000	0
		_P2            		SMALLCONST     	0000	0000	0

shared estimated size: 36

C:\Program Files\Microchip\xc8\v2.36\pic\sources\c99\common\flge.c
		___flge        		CODE           	48E8	0000	260

C:\Program Files\Microchip\xc8\v2.36\pic\sources\c99\common\flge.c estimated size: 260

C:\Program Files\Microchip\xc8\v2.36\pic\sources\c99\common\flneg.c
		___flneg       		CODE           	4BE2	0000	56

C:\Program Files\Microchip\xc8\v2.36\pic\sources\c99\common\flneg.c estimated size: 56

C:\Program Files\Microchip\xc8\v2.36\pic\sources\c99\common\fabsf.c
		_fabsf         		CODE           	4C1A	0000	52

C:\Program Files\Microchip\xc8\v2.36\pic\sources\c99\common\fabsf.c estimated size: 52

